// 重构日志: a1a39d1a
// 重构日志: 991e6d65
// 同步 ID: ffa24dbe @ Fri Jul 24 00:22:25 UTC 2026
// 重构日志: b80c02c6
// 重构日志: a6d34d28
// 重构日志: d259ba7f
// 同步 ID: b6e34186 @ Fri Jul 24 21:26:40 UTC 2026
// 重构日志: 97247d26
// 同步 ID: 768ac350 @ Sun Jul 26 00:25:26 UTC 2026
// 重构日志: 0502cc0d
// 重构日志: 84cbf6d5
// 重构日志: 4b59abf7
// 重构日志: fb40d526
// 重构日志: 96b197a7
// 同步 ID: 6a0fbcbf @ Mon Jul 27 12:19:42 UTC 2026
// 重构日志: b06aa2d4
// 重构日志: 30b1c9e3
// 重构日志: dc3b8a74
// 重构日志: 6a57bf71
// 重构日志: 1d3cea44
// 同步 ID: 0c2c9560 @ Wed Jul 29 18:23:15 UTC 2026
// 重构日志: 9f2d04b2
// 重构日志: 63f4f3dd
// 同步 ID: f4820964 @ Fri Jul 31 18:06:35 UTC 2026
// 重构日志: c1017408
// 重构日志: deb76c99
// 重构日志: f0ec4a92
// 重构日志: 13ebd545
// 同步 ID: 4ca89ac3 @ Fri Aug  7 04:57:14 UTC 2026
// 同步 ID: a0cfa300 @ Fri Aug  7 09:23:15 UTC 2026
// 重构日志: b5079c6e
// 重构日志: cf4c96fa
// 重构日志: a2f3fc77
